###############################################################################
#
# IAR ELF Linker V3.10.1.201 for STM8                     16/Aug/2019  08:57:21
# Copyright 2010-2017 IAR Systems AB.
#
#    Output file  =  
#        C:\Users\vitco\OneDrive\Máy tính\FGA_training\SPI\Debug\Exe\new.out
#    Map file     =  
#        C:\Users\vitco\OneDrive\Máy tính\FGA_training\SPI\Debug\List\new.map
#    Command line =  
#        -f C:\Users\vitco\AppData\Local\Temp\EWCDFF.tmp
#        ("C:\Users\vitco\OneDrive\Máy tính\FGA_training\SPI\Debug\Obj\main.o"
#        --redirect _Printf=_PrintfFullNoMb --redirect _Scanf=_ScanfFullNoMb -o
#        "C:\Users\vitco\OneDrive\Máy tính\FGA_training\SPI\Debug\Exe\new.out"
#        --map "C:\Users\vitco\OneDrive\Máy
#        tính\FGA_training\SPI\Debug\List\new.map" --config "C:\Program Files
#        (x86)\IAR Systems\Embedded Workbench
#        8.0\stm8\config\lnkstm8l152c6.icf" --config_def _CSTACK_SIZE=0x100
#        --config_def _HEAP_SIZE=0x100 --entry __iar_program_start --debug_lib)
#
###############################################################################

*******************************************************************************
*** RUNTIME MODEL ATTRIBUTES
***

__SystemLibrary            = DLib
__code_model               = small
__core                     = stm8
__data_model               = medium
__dlib_file_descriptor     = 0
__dlib_full_locale_support = 0
__rt_version               = 4


*******************************************************************************
*** PLACEMENT SUMMARY
***

"A0":  place at start of [0x000000-0x0000ff] { rw section .vregs };
"A1":  place at end of [0x000000-0x0007ff] { block CSTACK };
"A2":  place at start of [0x008000-0x00ffff] { block INTVEC };
"P3":  place in [from 0x008000 to 0x00ffff] {
          ro section __DLIB_PERTHREAD_init, ro section .far.data_init,
          ro section .far_func.textrw_init, ro section .huge.data_init,
          ro section .huge_func.textrw_init, ro section .iar.init_table,
          ro section .init_array, ro section .near.data_init,
          ro section .near.rodata, ro section .near_func.text,
          ro section .near_func.textrw_init, ro section .tiny.data_init,
          ro section .tiny.rodata_init };
"P4":  place in [from 0x008000 to 0x00ffff] {
          ro section .far.rodata, ro section .far_func.text };
"P5":  place in [from 0x008000 to 0x00ffff] {
          ro section .huge.rodata, ro section .huge_func.text };
do not initialize {
   rw section .eeprom.noinit, rw section .far.noinit, rw section .huge.noinit,
   rw section .near.noinit, rw section .tiny.noinit, rw section .vregs };

  Section          Kind      Address   Size  Object
  -------          ----      -------   ----  ------
"A0":                                   0xc
  .vregs           uninit   0x000000    0xc  vregs.o [4]
                          - 0x00000c    0xc

"A1":                                 0x100
  CSTACK                    0x000700  0x100  <Block>
    CSTACK         uninit   0x000700  0x100  <Block tail>
                          - 0x000800  0x100

"A2":                                  0x80
  INTVEC                    0x008000   0x80  <Block>
    .intvec        const    0x008000   0x80  interrupt.o [4]
                          - 0x008080   0x80

"P3-P5":                              0x212
  .near_func.text  ro code  0x008080   0x4f  main.o [1]
  .near_func.text  ro code  0x0080cf   0x4d  vreg_util.o [4]
  .near_func.text  ro code  0x00811c   0x3f  main.o [1]
  .near_func.text  ro code  0x00815b   0x3f  main.o [1]
  .near_func.text  ro code  0x00819a   0x3f  main.o [1]
  .near_func.text  ro code  0x0081d9   0x3f  main.o [1]
  .near_func.text  ro code  0x008218   0x19  long.o [4]
  .near_func.text  ro code  0x008231   0x14  main.o [1]
  .near_func.text  ro code  0x008245   0x14  init.o [4]
  .near_func.text  ro code  0x008259   0x14  __dbg_xxexit.o [3]
  .near_func.text  ro code  0x00826d   0x13  cstartup.o [4]
  .near_func.text  ro code  0x008280    0x5  cexit.o [4]
  .near_func.text  ro code  0x008285    0x3  interrupt.o [4]
  .near_func.text  ro code  0x008288    0x3  low_level_init.o [4]
  .near_func.text  ro code  0x00828b    0x3  exit.o [4]
  .near_func.text  ro code  0x00828e    0x3  unhandled_exception.o [4]
  .near_func.text  ro code  0x008291    0x1  __dbg_break.o [3]
                          - 0x008292  0x212



*******************************************************************************
*** MODULE SUMMARY
***

    Module                 ro code  ro data  rw data
    ------                 -------  -------  -------
C:\Users\vitco\OneDrive\Máy tính\FGA_training\SPI\Debug\Obj: [1]
    main.o                     351
    ------------------------------------------------
    Total:                     351

command line: [2]
    ------------------------------------------------
    Total:

dbgstm8smd.a: [3]
    __dbg_break.o                1
    __dbg_xxexit.o              20
    ------------------------------------------------
    Total:                      21

dlstm8smn.a: [4]
    cexit.o                      5
    cstartup.o                  19
    exit.o                       3
    init.o                      20
    interrupt.o                  3      128
    long.o                      25
    low_level_init.o             3
    unhandled_exception.o        3
    vreg_util.o                 77
    vregs.o                                       12
    ------------------------------------------------
    Total:                     158      128       12

    Linker created                               256
----------------------------------------------------
    Grand Total:               530      128      268


*******************************************************************************
*** ENTRY LIST
***

Entry                    Address  Size  Type      Object
-----                    -------  ----  ----      ------
?b0                     0x000000        Data  Gb  vregs.o [4]
?b1                     0x000001        Data  Gb  vregs.o [4]
?b10                    0x00000a        Data  Gb  vregs.o [4]
?b11                    0x00000b        Data  Gb  vregs.o [4]
?b2                     0x000002        Data  Gb  vregs.o [4]
?b3                     0x000003        Data  Gb  vregs.o [4]
?b4                     0x000004        Data  Gb  vregs.o [4]
?b5                     0x000005        Data  Gb  vregs.o [4]
?b6                     0x000006        Data  Gb  vregs.o [4]
?b7                     0x000007        Data  Gb  vregs.o [4]
?b8                     0x000008        Data  Gb  vregs.o [4]
?b9                     0x000009        Data  Gb  vregs.o [4]
?dec32_0x_0x            0x00821d        Code  Gb  long.o [4]
?dec32_l0_l0            0x008218        Code  Gb  long.o [4]
?e0                     0x000001        Data  Gb  vregs.o [4]
?e1                     0x000005        Data  Gb  vregs.o [4]
?e2                     0x000009        Data  Gb  vregs.o [4]
?l0                     0x000000        Data  Gb  vregs.o [4]
?l1                     0x000004        Data  Gb  vregs.o [4]
?l2                     0x000008        Data  Gb  vregs.o [4]
?pop_l0                 0x008109        Code  Gb  vreg_util.o [4]
?push_l0                0x0080e7        Code  Gb  vreg_util.o [4]
?push_w4                0x0080cf        Code  Gb  vreg_util.o [4]
?w0                     0x000000        Data  Gb  vregs.o [4]
?w1                     0x000002        Data  Gb  vregs.o [4]
?w2                     0x000004        Data  Gb  vregs.o [4]
?w3                     0x000006        Data  Gb  vregs.o [4]
?w4                     0x000008        Data  Gb  vregs.o [4]
?w5                     0x00000a        Data  Gb  vregs.o [4]
CSTACK$$Base            0x000700         --   Gb  - Linker created -
CSTACK$$Limit           0x000800         --   Gb  - Linker created -
Delay                   0x008231  0x14  Code  Gb  main.o [1]
INTVEC$$Base            0x008000         --   Gb  - Linker created -
INTVEC$$Limit           0x008080         --   Gb  - Linker created -
Region$$Table$$Base   0x00000000         --   Gb  - Linker created -
Region$$Table$$Limit  0x00000000         --   Gb  - Linker created -
__DebugBreak            0x008291   0x1  Code  Gb  __dbg_break.o [3]
__exit                  0x008259  0x14  Code  Gb  __dbg_xxexit.o [3]
__iar_data_init2        0x008245  0x14  Code  Gb  init.o [4]
__iar_program_start     0x00826d        Code  Gb  cstartup.o [4]
__iar_unhandled_exception
                        0x00828e        Code  Gb  unhandled_exception.o [4]
__intvec                0x008000        Data  Gb  interrupt.o [4]
__low_level_init        0x008288   0x3  Code  Gb  low_level_init.o [4]
_exit                   0x008280        Code  Gb  cexit.o [4]
_interrupt_14           0x00811c        Code  Gb  main.o [1]
_interrupt_15           0x00815b        Code  Gb  main.o [1]
_interrupt_16           0x00819a        Code  Gb  main.o [1]
_interrupt_17           0x0081d9        Code  Gb  main.o [1]
button1                 0x00811c  0x3f  Code  Gb  main.o [1]
button2                 0x00815b  0x3f  Code  Gb  main.o [1]
cancel                  0x0081d9  0x3f  Code  Gb  main.o [1]
exit                    0x00828b   0x3  Code  Gb  exit.o [4]
main                    0x008080  0x4f  Code  Gb  main.o [1]
stop                    0x00819a  0x3f  Code  Gb  main.o [1]


[1] = C:\Users\vitco\OneDrive\Máy tính\FGA_training\SPI\Debug\Obj
[2] = command line
[3] = dbgstm8smd.a
[4] = dlstm8smn.a

  530 bytes of readonly  code memory
  128 bytes of readonly  data memory
  268 bytes of readwrite data memory

Errors: none
Warnings: none
